[0.009s][info][gc] Using The Z Garbage Collector
[0.144s][info][gc] GC(0) Garbage Collection (Warmup) 4M(25%)->4M(25%)
[0.242s][info][gc] GC(1) Garbage Collection (Warmup) 4M(25%)->4M(25%)
[1.135s][info][gc] GC(2) Garbage Collection (Warmup) 6M(38%)->4M(25%)
[6.047s][info][gc] GC(3) Garbage Collection (Allocation Rate) 12M(75%)->8M(50%)
[6.140s][info][gc] Allocation Stall (Attach Listener) 10.271ms
[6.141s][info][gc] GC(4) Garbage Collection (Allocation Rate) 16M(100%)->8M(50%)
[6.254s][info][gc] GC(5) Garbage Collection (Allocation Stall) 8M(50%)->8M(50%)
[6.347s][info][gc] GC(6) Garbage Collection (Allocation Rate) 10M(62%)->8M(50%)
[6.457s][info][gc] GC(7) Garbage Collection (Allocation Rate) 10M(62%)->8M(50%)
[6.547s][info][gc] GC(8) Garbage Collection (Allocation Rate) 8M(50%)->6M(38%)
[6.662s][info][gc] GC(9) Garbage Collection (Allocation Rate) 8M(50%)->8M(50%)
[6.749s][info][gc] GC(10) Garbage Collection (Allocation Rate) 8M(50%)->6M(38%)
[6.841s][info][gc] GC(11) Garbage Collection (Allocation Rate) 8M(50%)->6M(38%)
[6.935s][info][gc] GC(12) Garbage Collection (Allocation Rate) 8M(50%)->8M(50%)
[7.043s][info][gc] GC(13) Garbage Collection (Allocation Rate) 8M(50%)->6M(38%)
[7.138s][info][gc] GC(14) Garbage Collection (Allocation Rate) 8M(50%)->6M(38%)
[7.243s][info][gc] GC(15) Garbage Collection (Allocation Rate) 8M(50%)->6M(38%)
[7.338s][info][gc] GC(16) Garbage Collection (Allocation Rate) 8M(50%)->6M(38%)
[7.448s][info][gc] GC(17) Garbage Collection (Allocation Rate) 8M(50%)->6M(38%)
[7.541s][info][gc] GC(18) Garbage Collection (Allocation Rate) 8M(50%)->6M(38%)
[7.650s][info][gc] GC(19) Garbage Collection (Allocation Rate) 8M(50%)->6M(38%)
[7.749s][info][gc] GC(20) Garbage Collection (Allocation Rate) 8M(50%)->8M(50%)
[7.866s][info][gc] GC(21) Garbage Collection (Allocation Rate) 8M(50%)->8M(50%)
[7.946s][info][gc] GC(22) Garbage Collection (Allocation Rate) 8M(50%)->6M(38%)
[8.940s][info][gc] GC(23) Garbage Collection (Allocation Rate) 8M(50%)->6M(38%)
[10.152s][info][gc] GC(24) Garbage Collection (Proactive) 8M(50%)->6M(38%)
[11.151s][info][gc] GC(25) Garbage Collection (Proactive) 8M(50%)->8M(50%)
[12.250s][info][gc] GC(26) Garbage Collection (Proactive) 10M(62%)->10M(62%)
[16.749s][info][gc] GC(27) Garbage Collection (Proactive) 12M(75%)->12M(75%)
[16.868s][info][gc] GC(28) Garbage Collection (Allocation Rate) 12M(75%)->10M(62%)
[16.958s][info][gc] GC(29) Garbage Collection (Allocation Rate) 10M(62%)->10M(62%)
[17.050s][info][gc] GC(30) Garbage Collection (Allocation Rate) 10M(62%)->10M(62%)
[17.137s][info][gc] GC(31) Garbage Collection (Allocation Rate) 10M(62%)->8M(50%)
[17.254s][info][gc] GC(32) Garbage Collection (Allocation Rate) 10M(62%)->10M(62%)
[17.338s][info][gc] GC(33) Garbage Collection (Allocation Rate) 10M(62%)->8M(50%)
[17.449s][info][gc] GC(34) Garbage Collection (Allocation Rate) 10M(62%)->8M(50%)
[17.551s][info][gc] GC(35) Garbage Collection (Allocation Rate) 10M(62%)->10M(62%)
[17.648s][info][gc] GC(36) Garbage Collection (Allocation Rate) 10M(62%)->8M(50%)
[17.742s][info][gc] GC(37) Garbage Collection (Allocation Rate) 10M(62%)->8M(50%)
[17.836s][info][gc] GC(38) Garbage Collection (Allocation Rate) 10M(62%)->8M(50%)
[17.944s][info][gc] GC(39) Garbage Collection (Allocation Rate) 10M(62%)->8M(50%)
[18.037s][info][gc] GC(40) Garbage Collection (Allocation Rate) 10M(62%)->8M(50%)
[18.167s][info][gc] GC(41) Garbage Collection (Allocation Rate) 10M(62%)->10M(62%)
[18.238s][info][gc] GC(42) Garbage Collection (Allocation Rate) 10M(62%)->8M(50%)
[18.643s][info][gc] GC(43) Garbage Collection (Allocation Rate) 10M(62%)->8M(50%)
[18.843s][info][gc] GC(44) Garbage Collection (Allocation Rate) 10M(62%)->8M(50%)
[19.049s][info][gc] GC(45) Garbage Collection (Allocation Rate) 10M(62%)->8M(50%)
[19.142s][info][gc] GC(46) Garbage Collection (Allocation Rate) 10M(62%)->8M(50%)
[20.152s][info][gc] GC(47) Garbage Collection (Proactive) 10M(62%)->8M(50%)
[21.048s][info][gc] GC(48) Garbage Collection (Proactive) 10M(62%)->10M(62%)
[30.538s][info][gc] GC(49) Garbage Collection (Proactive) 12M(75%)->10M(62%)
[31.546s][info][gc] GC(50) Garbage Collection (Proactive) 12M(75%)->8M(50%)
[32.448s][info][gc] GC(51) Garbage Collection (Proactive) 10M(62%)->10M(62%)
[38.152s][info][gc] Relocation Stall (main) 1.030ms
[38.152s][info][gc] GC(52) Garbage Collection (Allocation Rate) 14M(88%)->14M(88%)
[38.152s][info][gc] Allocation Stall (main) 11.032ms
[38.181s][info][gc] Allocation Stall (main) 14.559ms
[38.183s][info][gc] GC(53) Garbage Collection (Allocation Stall) 16M(100%)->12M(75%)
[38.199s][info][gc] Allocation Stall (main) 12.665ms
[38.200s][info][gc] Relocation Stall (main) 0.023ms
[38.200s][info][gc] GC(54) Garbage Collection (Allocation Stall) 16M(100%)->14M(88%)
[38.214s][info][gc] Relocation Stall (main) 0.891ms
[38.214s][info][gc] GC(55) Garbage Collection (Allocation Stall) 16M(100%)->14M(88%)
[38.214s][info][gc] Allocation Stall (main) 10.979ms
[38.233s][info][gc] Relocation Stall (main) 0.760ms
[38.233s][info][gc] GC(56) Garbage Collection (Allocation Stall) 16M(100%)->14M(88%)
[38.233s][info][gc] Allocation Stall (main) 14.049ms
[38.250s][info][gc] GC(57) Garbage Collection (Allocation Stall) 16M(100%)->14M(88%)
[38.250s][info][gc] Relocation Stall (main) 0.772ms
[38.250s][info][gc] Allocation Stall (main) 11.604ms
[38.264s][info][gc] Allocation Stall (main) 11.383ms
[38.264s][info][gc] GC(58) Garbage Collection (Allocation Stall) 16M(100%)->16M(100%)
[38.275s][info][gc] Allocation Stall (main) 10.443ms
[38.276s][info][gc] GC(59) Garbage Collection (Allocation Stall) 16M(100%)->16M(100%)
[38.288s][info][gc] Allocation Stall (main) 10.423ms
[38.288s][info][gc] GC(60) Garbage Collection (Allocation Stall) 16M(100%)->10M(62%)
[38.350s][info][gc] GC(61) Garbage Collection (Allocation Rate) 10M(62%)->8M(50%)
[38.450s][info][gc] GC(62) Garbage Collection (Allocation Rate) 10M(62%)->10M(62%)
[38.542s][info][gc] GC(63) Garbage Collection (Allocation Rate) 10M(62%)->8M(50%)
[38.668s][info][gc] GC(64) Garbage Collection (Allocation Rate) 8M(50%)->8M(50%)
[38.749s][info][gc] GC(65) Garbage Collection (Allocation Rate) 8M(50%)->8M(50%)
[38.849s][info][gc] GC(66) Garbage Collection (Allocation Rate) 8M(50%)->8M(50%)
[38.955s][info][gc] GC(67) Garbage Collection (Allocation Rate) 8M(50%)->8M(50%)
[39.037s][info][gc] GC(68) Garbage Collection (Allocation Rate) 8M(50%)->8M(50%)
[39.145s][info][gc] GC(69) Garbage Collection (Allocation Rate) 8M(50%)->8M(50%)
[39.239s][info][gc] GC(70) Garbage Collection (Allocation Rate) 8M(50%)->8M(50%)
[39.349s][info][gc] GC(71) Garbage Collection (Allocation Rate) 8M(50%)->8M(50%)
[39.443s][info][gc] GC(72) Garbage Collection (Allocation Rate) 10M(62%)->10M(62%)
[39.536s][info][gc] GC(73) Garbage Collection (Allocation Rate) 10M(62%)->10M(62%)
[39.645s][info][gc] GC(74) Garbage Collection (Allocation Rate) 10M(62%)->10M(62%)
[39.737s][info][gc] GC(75) Garbage Collection (Allocation Rate) 10M(62%)->10M(62%)
[39.851s][info][gc] GC(76) Garbage Collection (Allocation Rate) 10M(62%)->10M(62%)
[39.940s][info][gc] GC(77) Garbage Collection (Allocation Rate) 10M(62%)->10M(62%)
[40.048s][info][gc] GC(78) Garbage Collection (Allocation Rate) 10M(62%)->10M(62%)
[40.840s][info][gc] GC(79) Garbage Collection (Proactive) 12M(75%)->10M(62%)
[41.637s][info][gc] GC(80) Garbage Collection (Proactive) 12M(75%)->10M(62%)
[42.540s][info][gc] GC(81) Garbage Collection (Proactive) 12M(75%)->10M(62%)
[43.547s][info][gc] GC(82) Garbage Collection (Proactive) 12M(75%)->10M(62%)
[44.452s][info][gc] GC(83) Garbage Collection (Proactive) 12M(75%)->10M(62%)
[45.149s][info][gc] GC(84) Garbage Collection (Proactive) 12M(75%)->8M(50%)
[46.047s][info][gc] GC(85) Garbage Collection (Proactive) 10M(62%)->8M(50%)
[46.936s][info][gc] GC(86) Garbage Collection (Proactive) 10M(62%)->8M(50%)
[47.749s][info][gc] GC(87) Garbage Collection (Proactive) 10M(62%)->8M(50%)
[48.851s][info][gc] GC(88) Garbage Collection (Proactive) 10M(62%)->8M(50%)
[49.847s][info][gc] GC(89) Garbage Collection (Proactive) 10M(62%)->8M(50%)
[50.768s][info][gc] GC(90) Garbage Collection (Proactive) 10M(62%)->8M(50%)
[53.567s][info][gc] GC(91) Garbage Collection (Proactive) 10M(62%)->8M(50%)
[56.458s][info][gc] GC(92) Garbage Collection (Proactive) 10M(62%)->10M(62%)
[58.846s][info][gc] GC(93) Garbage Collection (Proactive) 12M(75%)->12M(75%)
[67.551s][info][gc] GC(94) Garbage Collection (Allocation Rate) 14M(88%)->8M(50%)
[69.046s][info][gc] GC(95) Garbage Collection (Proactive) 10M(62%)->8M(50%)
[70.345s][info][gc] GC(96) Garbage Collection (Proactive) 10M(62%)->8M(50%)
[71.445s][info][gc] GC(97) Garbage Collection (Proactive) 10M(62%)->8M(50%)
[72.436s][info][gc] GC(98) Garbage Collection (Proactive) 10M(62%)->8M(50%)
[73.449s][info][gc] GC(99) Garbage Collection (Proactive) 10M(62%)->10M(62%)
[85.552s][info][gc] GC(100) Garbage Collection (Proactive) 12M(75%)->8M(50%)
[86.541s][info][gc] GC(101) Garbage Collection (Proactive) 10M(62%)->8M(50%)
[87.552s][info][gc] GC(102) Garbage Collection (Proactive) 10M(62%)->8M(50%)
[88.546s][info][gc] GC(103) Garbage Collection (Proactive) 10M(62%)->8M(50%)
[89.561s][info][gc] GC(104) Garbage Collection (Proactive) 10M(62%)->8M(50%)
[91.162s][info][gc] GC(105) Garbage Collection (Proactive) 10M(62%)->8M(50%)
[93.960s][info][gc] GC(106) Garbage Collection (Proactive) 10M(62%)->8M(50%)
[96.347s][info][gc] GC(107) Garbage Collection (Proactive) 10M(62%)->8M(50%)
[98.753s][info][gc] GC(108) Garbage Collection (Proactive) 10M(62%)->8M(50%)
[100.674s][info][gc] GC(109) Garbage Collection (Proactive) 10M(62%)->8M(50%)
[103.248s][info][gc] GC(110) Garbage Collection (Proactive) 10M(62%)->8M(50%)
[105.459s][info][gc] GC(111) Garbage Collection (Proactive) 10M(62%)->8M(50%)
[107.739s][info][gc] GC(112) Garbage Collection (Proactive) 10M(62%)->8M(50%)
[109.971s][info][gc] GC(113) Garbage Collection (Proactive) 10M(62%)->8M(50%)
[112.544s][info][gc] GC(114) Garbage Collection (Proactive) 10M(62%)->8M(50%)
[113.139s][info][gc] GC(115) Garbage Collection (Allocation Rate) 12M(75%)->12M(75%)
[113.239s][info][gc] GC(116) Garbage Collection (Allocation Rate) 12M(75%)->12M(75%)
[113.338s][info][gc] GC(117) Garbage Collection (Allocation Rate) 12M(75%)->12M(75%)
[113.438s][info][gc] GC(118) Garbage Collection (Allocation Rate) 12M(75%)->12M(75%)
[113.539s][info][gc] GC(119) Garbage Collection (Allocation Rate) 12M(75%)->12M(75%)
[113.642s][info][gc] GC(120) Garbage Collection (Allocation Rate) 12M(75%)->12M(75%)
[113.752s][info][gc] GC(121) Garbage Collection (Allocation Rate) 12M(75%)->12M(75%)
[113.848s][info][gc] GC(122) Garbage Collection (Allocation Rate) 12M(75%)->12M(75%)
[113.943s][info][gc] GC(123) Garbage Collection (Allocation Rate) 12M(75%)->12M(75%)
[114.038s][info][gc] GC(124) Garbage Collection (Allocation Rate) 12M(75%)->10M(62%)
[114.147s][info][gc] GC(125) Garbage Collection (Allocation Rate) 10M(62%)->10M(62%)
[114.240s][info][gc] GC(126) Garbage Collection (Allocation Rate) 10M(62%)->10M(62%)
[114.350s][info][gc] GC(127) Garbage Collection (Allocation Rate) 10M(62%)->10M(62%)
[114.537s][info][gc] GC(128) Garbage Collection (Allocation Rate) 12M(75%)->10M(62%)
[114.744s][info][gc] GC(129) Garbage Collection (Allocation Rate) 10M(62%)->10M(62%)
[114.839s][info][gc] GC(130) Garbage Collection (Allocation Rate) 10M(62%)->10M(62%)
[114.948s][info][gc] GC(131) Garbage Collection (Allocation Rate) 10M(62%)->10M(62%)
[115.043s][info][gc] GC(132) Garbage Collection (Allocation Rate) 10M(62%)->10M(62%)
[115.140s][info][gc] GC(133) Garbage Collection (Allocation Rate) 10M(62%)->10M(62%)
[115.250s][info][gc] GC(134) Garbage Collection (Allocation Rate) 10M(62%)->10M(62%)
[115.547s][info][gc] GC(135) Garbage Collection (Allocation Rate) 12M(75%)->10M(62%)
[116.545s][info][gc] GC(136) Garbage Collection (Proactive) 12M(75%)->10M(62%)
[117.547s][info][gc] GC(137) Garbage Collection (Proactive) 12M(75%)->10M(62%)
[118.546s][info][gc] GC(138) Garbage Collection (Proactive) 12M(75%)->10M(62%)
[119.546s][info][gc] GC(139) Garbage Collection (Proactive) 12M(75%)->10M(62%)
[120.544s][info][gc] GC(140) Garbage Collection (Proactive) 12M(75%)->10M(62%)
[121.547s][info][gc] GC(141) Garbage Collection (Proactive) 12M(75%)->10M(62%)
[122.550s][info][gc] GC(142) Garbage Collection (Proactive) 12M(75%)->10M(62%)
[123.548s][info][gc] GC(143) Garbage Collection (Proactive) 12M(75%)->10M(62%)
[124.548s][info][gc] GC(144) Garbage Collection (Proactive) 12M(75%)->12M(75%)
[136.544s][info][gc] GC(145) Garbage Collection (Allocation Rate) 14M(88%)->12M(75%)
[136.641s][info][gc] GC(146) Garbage Collection (Allocation Rate) 12M(75%)->12M(75%)
[136.751s][info][gc] GC(147) Garbage Collection (Allocation Rate) 12M(75%)->12M(75%)
[136.845s][info][gc] GC(148) Garbage Collection (Allocation Rate) 12M(75%)->12M(75%)
[136.939s][info][gc] GC(149) Garbage Collection (Allocation Rate) 12M(75%)->12M(75%)
[137.049s][info][gc] GC(150) Garbage Collection (Allocation Rate) 12M(75%)->12M(75%)
[137.142s][info][gc] GC(151) Garbage Collection (Allocation Rate) 12M(75%)->12M(75%)
[137.252s][info][gc] GC(152) Garbage Collection (Allocation Rate) 12M(75%)->12M(75%)
[137.347s][info][gc] GC(153) Garbage Collection (Allocation Rate) 12M(75%)->12M(75%)
[137.441s][info][gc] GC(154) Garbage Collection (Allocation Rate) 12M(75%)->12M(75%)
[137.552s][info][gc] GC(155) Garbage Collection (Allocation Rate) 12M(75%)->12M(75%)
[137.641s][info][gc] GC(156) Garbage Collection (Allocation Rate) 12M(75%)->12M(75%)
[137.749s][info][gc] GC(157) Garbage Collection (Allocation Rate) 12M(75%)->12M(75%)
[137.846s][info][gc] GC(158) Garbage Collection (Allocation Rate) 12M(75%)->12M(75%)
[137.938s][info][gc] GC(159) Garbage Collection (Allocation Rate) 12M(75%)->12M(75%)
[138.048s][info][gc] GC(160) Garbage Collection (Allocation Rate) 12M(75%)->12M(75%)
[138.140s][info][gc] GC(161) Garbage Collection (Allocation Rate) 12M(75%)->12M(75%)
[138.249s][info][gc] GC(162) Garbage Collection (Allocation Rate) 12M(75%)->12M(75%)
[138.342s][info][gc] GC(163) Garbage Collection (Allocation Rate) 12M(75%)->12M(75%)
[138.452s][info][gc] GC(164) Garbage Collection (Allocation Rate) 12M(75%)->12M(75%)
[138.543s][info][gc] GC(165) Garbage Collection (Allocation Rate) 14M(88%)->12M(75%)
[138.640s][info][gc] GC(166) Garbage Collection (Allocation Rate) 12M(75%)->12M(75%)
[138.749s][info][gc] GC(167) Garbage Collection (Allocation Rate) 12M(75%)->12M(75%)
[138.843s][info][gc] GC(168) Garbage Collection (Allocation Rate) 12M(75%)->12M(75%)
[138.938s][info][gc] GC(169) Garbage Collection (Allocation Rate) 12M(75%)->12M(75%)
[139.047s][info][gc] GC(170) Garbage Collection (Allocation Rate) 12M(75%)->12M(75%)
[139.543s][info][gc] GC(171) Garbage Collection (Allocation Rate) 14M(88%)->14M(88%)
[139.639s][info][gc] GC(172) Garbage Collection (Allocation Rate) 14M(88%)->12M(75%)
[139.940s][info][gc] GC(173) Garbage Collection (Allocation Rate) 12M(75%)->12M(75%)
[140.050s][info][gc] GC(174) Garbage Collection (Allocation Rate) 12M(75%)->12M(75%)
[140.141s][info][gc] GC(175) Garbage Collection (Allocation Rate) 12M(75%)->12M(75%)
[140.253s][info][gc] GC(176) Garbage Collection (Allocation Rate) 12M(75%)->12M(75%)
[140.345s][info][gc] GC(177) Garbage Collection (Allocation Rate) 12M(75%)->10M(62%)
[140.438s][info][gc] GC(178) Garbage Collection (Allocation Rate) 10M(62%)->10M(62%)
[140.546s][info][gc] GC(179) Garbage Collection (Allocation Rate) 12M(75%)->10M(62%)
[140.641s][info][gc] GC(180) Garbage Collection (Allocation Rate) 10M(62%)->10M(62%)
[141.548s][info][gc] GC(181) Garbage Collection (Allocation Rate) 12M(75%)->10M(62%)
[142.550s][info][gc] GC(182) Garbage Collection (Proactive) 12M(75%)->12M(75%)
[156.549s][info][gc] GC(183) Garbage Collection (Allocation Rate) 14M(88%)->12M(75%)
[156.641s][info][gc] GC(184) Garbage Collection (Allocation Rate) 12M(75%)->12M(75%)
[156.739s][info][gc] GC(185) Garbage Collection (Allocation Rate) 12M(75%)->12M(75%)
[156.839s][info][gc] GC(186) Garbage Collection (Allocation Rate) 12M(75%)->12M(75%)
[156.939s][info][gc] GC(187) Garbage Collection (Allocation Rate) 12M(75%)->12M(75%)
[157.039s][info][gc] GC(188) Garbage Collection (Allocation Rate) 12M(75%)->12M(75%)
[157.139s][info][gc] GC(189) Garbage Collection (Allocation Rate) 12M(75%)->12M(75%)
[157.239s][info][gc] GC(190) Garbage Collection (Allocation Rate) 12M(75%)->12M(75%)
[157.339s][info][gc] GC(191) Garbage Collection (Allocation Rate) 12M(75%)->12M(75%)
[157.439s][info][gc] GC(192) Garbage Collection (Allocation Rate) 12M(75%)->12M(75%)
[157.541s][info][gc] GC(193) Garbage Collection (Allocation Rate) 12M(75%)->12M(75%)
[157.643s][info][gc] GC(194) Garbage Collection (Allocation Rate) 12M(75%)->12M(75%)
[157.752s][info][gc] GC(195) Garbage Collection (Allocation Rate) 12M(75%)->12M(75%)
[157.844s][info][gc] GC(196) Garbage Collection (Allocation Rate) 12M(75%)->12M(75%)
[157.939s][info][gc] GC(197) Garbage Collection (Allocation Rate) 12M(75%)->12M(75%)
[158.046s][info][gc] GC(198) Garbage Collection (Allocation Rate) 12M(75%)->12M(75%)
[158.138s][info][gc] GC(199) Garbage Collection (Allocation Rate) 12M(75%)->12M(75%)
[158.249s][info][gc] GC(200) Garbage Collection (Allocation Rate) 12M(75%)->12M(75%)
[158.343s][info][gc] GC(201) Garbage Collection (Allocation Rate) 12M(75%)->12M(75%)
[158.438s][info][gc] GC(202) Garbage Collection (Allocation Rate) 12M(75%)->12M(75%)
[158.547s][info][gc] GC(203) Garbage Collection (Allocation Rate) 14M(88%)->12M(75%)
[158.642s][info][gc] GC(204) Garbage Collection (Allocation Rate) 12M(75%)->12M(75%)
[158.750s][info][gc] GC(205) Garbage Collection (Allocation Rate) 12M(75%)->12M(75%)
[158.844s][info][gc] GC(206) Garbage Collection (Allocation Rate) 12M(75%)->12M(75%)
[158.938s][info][gc] GC(207) Garbage Collection (Allocation Rate) 12M(75%)->12M(75%)
[159.048s][info][gc] GC(208) Garbage Collection (Allocation Rate) 12M(75%)->12M(75%)
[159.144s][info][gc] GC(209) Garbage Collection (Allocation Rate) 12M(75%)->12M(75%)
[159.548s][info][gc] GC(210) Garbage Collection (Allocation Rate) 14M(88%)->14M(88%)
[159.643s][info][gc] GC(211) Garbage Collection (Allocation Rate) 14M(88%)->12M(75%)
[159.941s][info][gc] GC(212) Garbage Collection (Allocation Rate) 12M(75%)->12M(75%)
[160.049s][info][gc] GC(213) Garbage Collection (Allocation Rate) 12M(75%)->12M(75%)
[160.143s][info][gc] GC(214) Garbage Collection (Allocation Rate) 12M(75%)->12M(75%)
[160.253s][info][gc] GC(215) Garbage Collection (Allocation Rate) 12M(75%)->12M(75%)
[160.346s][info][gc] GC(216) Garbage Collection (Allocation Rate) 12M(75%)->12M(75%)
[160.442s][info][gc] GC(217) Garbage Collection (Allocation Rate) 12M(75%)->12M(75%)
[160.550s][info][gc] GC(218) Garbage Collection (Allocation Rate) 12M(75%)->12M(75%)
[160.645s][info][gc] GC(219) Garbage Collection (Allocation Rate) 12M(75%)->12M(75%)
[160.739s][info][gc] GC(220) Garbage Collection (Allocation Rate) 12M(75%)->12M(75%)
[160.846s][info][gc] GC(221) Garbage Collection (Allocation Rate) 12M(75%)->12M(75%)
[160.941s][info][gc] GC(222) Garbage Collection (Allocation Rate) 12M(75%)->12M(75%)
[161.050s][info][gc] GC(223) Garbage Collection (Allocation Rate) 12M(75%)->12M(75%)
[161.141s][info][gc] GC(224) Garbage Collection (Allocation Rate) 12M(75%)->12M(75%)
[161.252s][info][gc] GC(225) Garbage Collection (Allocation Rate) 12M(75%)->12M(75%)
[161.346s][info][gc] GC(226) Garbage Collection (Allocation Rate) 12M(75%)->12M(75%)
[161.439s][info][gc] GC(227) Garbage Collection (Allocation Rate) 12M(75%)->12M(75%)
[161.549s][info][gc] GC(228) Garbage Collection (Allocation Rate) 12M(75%)->12M(75%)
[161.644s][info][gc] GC(229) Garbage Collection (Allocation Rate) 12M(75%)->12M(75%)
[161.752s][info][gc] GC(230) Garbage Collection (Allocation Rate) 12M(75%)->12M(75%)
[161.844s][info][gc] GC(231) Garbage Collection (Allocation Rate) 12M(75%)->12M(75%)
[161.953s][info][gc] GC(232) Garbage Collection (Allocation Rate) 12M(75%)->12M(75%)
[162.048s][info][gc] GC(233) Garbage Collection (Allocation Rate) 12M(75%)->12M(75%)
[162.142s][info][gc] GC(234) Garbage Collection (Allocation Rate) 12M(75%)->12M(75%)
[162.253s][info][gc] GC(235) Garbage Collection (Allocation Rate) 12M(75%)->12M(75%)
[162.347s][info][gc] GC(236) Garbage Collection (Allocation Rate) 12M(75%)->12M(75%)
[162.438s][info][gc] GC(237) Garbage Collection (Allocation Rate) 12M(75%)->12M(75%)
[162.549s][info][gc] GC(238) Garbage Collection (Allocation Rate) 12M(75%)->12M(75%)
[162.642s][info][gc] GC(239) Garbage Collection (Allocation Rate) 12M(75%)->12M(75%)
[162.751s][info][gc] GC(240) Garbage Collection (Allocation Rate) 12M(75%)->12M(75%)
[162.848s][info][gc] GC(241) Garbage Collection (Allocation Rate) 12M(75%)->12M(75%)
[162.943s][info][gc] GC(242) Garbage Collection (Allocation Rate) 12M(75%)->12M(75%)
[163.053s][info][gc] GC(243) Garbage Collection (Allocation Rate) 12M(75%)->12M(75%)
[163.144s][info][gc] GC(244) Garbage Collection (Allocation Rate) 12M(75%)->12M(75%)
[163.240s][info][gc] GC(245) Garbage Collection (Allocation Rate) 12M(75%)->12M(75%)
[163.351s][info][gc] GC(246) Garbage Collection (Allocation Rate) 12M(75%)->12M(75%)
[163.448s][info][gc] GC(247) Garbage Collection (Allocation Rate) 12M(75%)->12M(75%)
[163.544s][info][gc] GC(248) Garbage Collection (Allocation Rate) 12M(75%)->12M(75%)
[163.639s][info][gc] GC(249) Garbage Collection (Allocation Rate) 12M(75%)->12M(75%)
[163.751s][info][gc] GC(250) Garbage Collection (Allocation Rate) 12M(75%)->12M(75%)
[163.846s][info][gc] GC(251) Garbage Collection (Allocation Rate) 12M(75%)->12M(75%)
[163.939s][info][gc] GC(252) Garbage Collection (Allocation Rate) 12M(75%)->12M(75%)
[164.052s][info][gc] GC(253) Garbage Collection (Allocation Rate) 12M(75%)->12M(75%)
[164.147s][info][gc] GC(254) Garbage Collection (Allocation Rate) 12M(75%)->12M(75%)
[164.241s][info][gc] GC(255) Garbage Collection (Allocation Rate) 12M(75%)->12M(75%)
[164.346s][info][gc] GC(256) Garbage Collection (Allocation Rate) 12M(75%)->12M(75%)
[164.440s][info][gc] GC(257) Garbage Collection (Allocation Rate) 12M(75%)->12M(75%)
[164.548s][info][gc] GC(258) Garbage Collection (Allocation Rate) 12M(75%)->12M(75%)
[164.642s][info][gc] GC(259) Garbage Collection (Allocation Rate) 12M(75%)->12M(75%)
[164.751s][info][gc] GC(260) Garbage Collection (Allocation Rate) 12M(75%)->12M(75%)
[164.845s][info][gc] GC(261) Garbage Collection (Allocation Rate) 12M(75%)->12M(75%)
[164.942s][info][gc] GC(262) Garbage Collection (Allocation Rate) 12M(75%)->12M(75%)
[165.052s][info][gc] GC(263) Garbage Collection (Allocation Rate) 12M(75%)->10M(62%)
[165.547s][info][gc] GC(264) Garbage Collection (Allocation Rate) 12M(75%)->12M(75%)
[165.640s][info][gc] GC(265) Garbage Collection (Allocation Rate) 12M(75%)->10M(62%)
[166.551s][info][gc] GC(266) Garbage Collection (Allocation Rate) 12M(75%)->12M(75%)
[179.642s][info][gc] GC(267) Garbage Collection (Allocation Rate) 14M(88%)->12M(75%)
[179.753s][info][gc] GC(268) Garbage Collection (Allocation Rate) 12M(75%)->12M(75%)
[179.844s][info][gc] GC(269) Garbage Collection (Allocation Rate) 12M(75%)->12M(75%)
[179.953s][info][gc] GC(270) Garbage Collection (Allocation Rate) 12M(75%)->12M(75%)
[180.049s][info][gc] GC(271) Garbage Collection (Allocation Rate) 12M(75%)->12M(75%)
[180.142s][info][gc] GC(272) Garbage Collection (Allocation Rate) 12M(75%)->12M(75%)
[180.253s][info][gc] GC(273) Garbage Collection (Allocation Rate) 12M(75%)->12M(75%)
[180.344s][info][gc] GC(274) Garbage Collection (Allocation Rate) 12M(75%)->12M(75%)
[180.454s][info][gc] GC(275) Garbage Collection (Allocation Rate) 12M(75%)->12M(75%)
[180.546s][info][gc] GC(276) Garbage Collection (Allocation Rate) 12M(75%)->12M(75%)
[180.640s][info][gc] GC(277) Garbage Collection (Allocation Rate) 12M(75%)->12M(75%)
[180.750s][info][gc] GC(278) Garbage Collection (Allocation Rate) 12M(75%)->12M(75%)
[180.843s][info][gc] GC(279) Garbage Collection (Allocation Rate) 12M(75%)->12M(75%)
[180.938s][info][gc] GC(280) Garbage Collection (Allocation Rate) 12M(75%)->12M(75%)
[181.047s][info][gc] GC(281) Garbage Collection (Allocation Rate) 12M(75%)->12M(75%)
[181.141s][info][gc] GC(282) Garbage Collection (Allocation Rate) 12M(75%)->12M(75%)
[181.236s][info][gc] GC(283) Garbage Collection (Allocation Rate) 12M(75%)->12M(75%)
[181.345s][info][gc] GC(284) Garbage Collection (Allocation Rate) 12M(75%)->12M(75%)
[181.438s][info][gc] GC(285) Garbage Collection (Allocation Rate) 12M(75%)->12M(75%)
[181.548s][info][gc] GC(286) Garbage Collection (Allocation Rate) 14M(88%)->14M(88%)
[181.643s][info][gc] GC(287) Garbage Collection (Allocation Rate) 14M(88%)->12M(75%)
[181.738s][info][gc] GC(288) Garbage Collection (Allocation Rate) 12M(75%)->12M(75%)
[181.846s][info][gc] GC(289) Garbage Collection (Allocation Rate) 12M(75%)->12M(75%)
[181.937s][info][gc] GC(290) Garbage Collection (Allocation Rate) 12M(75%)->12M(75%)
[182.048s][info][gc] GC(291) Garbage Collection (Allocation Rate) 12M(75%)->12M(75%)
[182.547s][info][gc] GC(292) Garbage Collection (Allocation Rate) 14M(88%)->14M(88%)
[182.642s][info][gc] GC(293) Garbage Collection (Allocation Rate) 14M(88%)->12M(75%)
[183.844s][info][gc] GC(294) Garbage Collection (Allocation Rate) 12M(75%)->12M(75%)
[183.939s][info][gc] GC(295) Garbage Collection (Allocation Rate) 12M(75%)->12M(75%)
[184.049s][info][gc] GC(296) Garbage Collection (Allocation Rate) 12M(75%)->12M(75%)
[184.141s][info][gc] GC(297) Garbage Collection (Allocation Rate) 12M(75%)->12M(75%)
[184.253s][info][gc] GC(298) Garbage Collection (Allocation Rate) 12M(75%)->12M(75%)
[184.348s][info][gc] GC(299) Garbage Collection (Allocation Rate) 12M(75%)->12M(75%)
[184.439s][info][gc] GC(300) Garbage Collection (Allocation Rate) 12M(75%)->12M(75%)
[184.548s][info][gc] GC(301) Garbage Collection (Allocation Rate) 12M(75%)->12M(75%)
[184.643s][info][gc] GC(302) Garbage Collection (Allocation Rate) 12M(75%)->12M(75%)
[184.753s][info][gc] GC(303) Garbage Collection (Allocation Rate) 12M(75%)->12M(75%)
[184.846s][info][gc] GC(304) Garbage Collection (Allocation Rate) 12M(75%)->12M(75%)
[184.940s][info][gc] GC(305) Garbage Collection (Allocation Rate) 12M(75%)->12M(75%)
[185.050s][info][gc] GC(306) Garbage Collection (Allocation Rate) 12M(75%)->12M(75%)
[185.142s][info][gc] GC(307) Garbage Collection (Allocation Rate) 12M(75%)->12M(75%)
[185.251s][info][gc] GC(308) Garbage Collection (Allocation Rate) 12M(75%)->12M(75%)
[185.346s][info][gc] GC(309) Garbage Collection (Allocation Rate) 12M(75%)->12M(75%)
[185.454s][info][gc] GC(310) Garbage Collection (Allocation Rate) 12M(75%)->12M(75%)
[185.547s][info][gc] GC(311) Garbage Collection (Allocation Rate) 12M(75%)->12M(75%)
[185.641s][info][gc] GC(312) Garbage Collection (Allocation Rate) 12M(75%)->12M(75%)
[185.752s][info][gc] GC(313) Garbage Collection (Allocation Rate) 12M(75%)->12M(75%)
[185.844s][info][gc] GC(314) Garbage Collection (Allocation Rate) 12M(75%)->12M(75%)
[185.953s][info][gc] GC(315) Garbage Collection (Allocation Rate) 12M(75%)->12M(75%)
[186.048s][info][gc] GC(316) Garbage Collection (Allocation Rate) 12M(75%)->12M(75%)
[186.142s][info][gc] GC(317) Garbage Collection (Allocation Rate) 12M(75%)->12M(75%)
[186.252s][info][gc] GC(318) Garbage Collection (Allocation Rate) 12M(75%)->12M(75%)
[186.345s][info][gc] GC(319) Garbage Collection (Allocation Rate) 12M(75%)->12M(75%)
[186.439s][info][gc] GC(320) Garbage Collection (Allocation Rate) 12M(75%)->12M(75%)
[186.551s][info][gc] GC(321) Garbage Collection (Allocation Rate) 12M(75%)->12M(75%)
[186.643s][info][gc] GC(322) Garbage Collection (Allocation Rate) 12M(75%)->12M(75%)
[186.751s][info][gc] GC(323) Garbage Collection (Allocation Rate) 12M(75%)->12M(75%)
[186.846s][info][gc] GC(324) Garbage Collection (Allocation Rate) 12M(75%)->12M(75%)
[186.939s][info][gc] GC(325) Garbage Collection (Allocation Rate) 12M(75%)->12M(75%)
[187.050s][info][gc] GC(326) Garbage Collection (Allocation Rate) 12M(75%)->12M(75%)
[187.150s][info][gc] GC(327) Garbage Collection (Allocation Rate) 12M(75%)->12M(75%)
[187.252s][info][gc] GC(328) Garbage Collection (Allocation Rate) 12M(75%)->12M(75%)
[187.346s][info][gc] GC(329) Garbage Collection (Allocation Rate) 12M(75%)->12M(75%)
[187.442s][info][gc] GC(330) Garbage Collection (Allocation Rate) 12M(75%)->12M(75%)
[187.551s][info][gc] GC(331) Garbage Collection (Allocation Rate) 12M(75%)->12M(75%)
[187.642s][info][gc] GC(332) Garbage Collection (Allocation Rate) 12M(75%)->12M(75%)
[187.751s][info][gc] GC(333) Garbage Collection (Allocation Rate) 12M(75%)->12M(75%)
[187.846s][info][gc] GC(334) Garbage Collection (Allocation Rate) 12M(75%)->12M(75%)
[187.940s][info][gc] GC(335) Garbage Collection (Allocation Rate) 12M(75%)->12M(75%)
[188.050s][info][gc] GC(336) Garbage Collection (Allocation Rate) 12M(75%)->12M(75%)
[188.141s][info][gc] GC(337) Garbage Collection (Allocation Rate) 12M(75%)->12M(75%)
[188.253s][info][gc] GC(338) Garbage Collection (Allocation Rate) 12M(75%)->12M(75%)
[188.349s][info][gc] GC(339) Garbage Collection (Allocation Rate) 12M(75%)->12M(75%)
[188.442s][info][gc] GC(340) Garbage Collection (Allocation Rate) 12M(75%)->12M(75%)
[188.552s][info][gc] GC(341) Garbage Collection (Allocation Rate) 12M(75%)->12M(75%)
[188.646s][info][gc] GC(342) Garbage Collection (Allocation Rate) 12M(75%)->12M(75%)
[188.741s][info][gc] GC(343) Garbage Collection (Allocation Rate) 12M(75%)->12M(75%)
[188.847s][info][gc] GC(344) Garbage Collection (Allocation Rate) 12M(75%)->10M(62%)
[189.344s][info][gc] GC(345) Garbage Collection (Allocation Rate) 10M(62%)->10M(62%)
[189.438s][info][gc] GC(346) Garbage Collection (Allocation Rate) 10M(62%)->10M(62%)
[189.548s][info][gc] GC(347) Garbage Collection (Allocation Rate) 12M(75%)->10M(62%)
[189.641s][info][gc] GC(348) Garbage Collection (Allocation Rate) 12M(75%)->10M(62%)
[189.752s][info][gc] GC(349) Garbage Collection (Allocation Rate) 10M(62%)->10M(62%)
[190.547s][info][gc] GC(350) Garbage Collection (Proactive) 12M(75%)->10M(62%)
[191.251s][info][gc] GC(351) Garbage Collection (Proactive) 12M(75%)->10M(62%)
[191.938s][info][gc] GC(352) Garbage Collection (Proactive) 12M(75%)->10M(62%)
[192.642s][info][gc] GC(353) Garbage Collection (Proactive) 12M(75%)->10M(62%)
[193.546s][info][gc] GC(354) Garbage Collection (Proactive) 12M(75%)->10M(62%)
[194.250s][info][gc] GC(355) Garbage Collection (Proactive) 12M(75%)->10M(62%)
[194.939s][info][gc] GC(356) Garbage Collection (Proactive) 12M(75%)->12M(75%)
[205.642s][info][gc] GC(357) Garbage Collection (Allocation Rate) 14M(88%)->10M(62%)
[218.659s][info][gc] GC(358) Garbage Collection (Proactive) 12M(75%)->8M(50%)
[221.448s][info][gc] GC(359) Garbage Collection (Proactive) 10M(62%)->8M(50%)
[223.656s][info][gc] GC(360) Garbage Collection (Proactive) 10M(62%)->8M(50%)
[225.245s][info][gc] GC(361) Garbage Collection (Proactive) 10M(62%)->8M(50%)
[226.647s][info][gc] GC(362) Garbage Collection (Proactive) 10M(62%)->8M(50%)
[228.047s][info][gc] GC(363) Garbage Collection (Proactive) 10M(62%)->8M(50%)
[229.041s][info][gc] GC(364) Garbage Collection (Proactive) 10M(62%)->8M(50%)
[229.949s][info][gc] GC(365) Garbage Collection (Proactive) 10M(62%)->8M(50%)
[231.057s][info][gc] GC(366) Garbage Collection (Proactive) 10M(62%)->8M(50%)
[232.346s][info][gc] GC(367) Garbage Collection (Proactive) 10M(62%)->8M(50%)
[233.547s][info][gc] GC(368) Garbage Collection (Proactive) 10M(62%)->8M(50%)
[234.761s][info][gc] GC(369) Garbage Collection (Proactive) 10M(62%)->8M(50%)
[237.248s][info][gc] GC(370) Garbage Collection (Proactive) 10M(62%)->8M(50%)
