[0.011s][info][gc] Using G1
[6.613s][info][gc] GC(0) Pause Young (Normal) (G1 Evacuation Pause) 4M->2M(12M) 2.831ms
[6.641s][info][gc] GC(1) Pause Young (Normal) (G1 Evacuation Pause) 3M->2M(12M) 1.936ms
[6.658s][info][gc] GC(2) Pause Young (Normal) (G1 Evacuation Pause) 3M->2M(12M) 1.082ms
[6.690s][info][gc] GC(3) Pause Young (Normal) (G1 Evacuation Pause) 4M->3M(12M) 0.900ms
[6.732s][info][gc] GC(4) Pause Young (Normal) (G1 Evacuation Pause) 5M->3M(12M) 1.290ms
[6.752s][info][gc] GC(5) Pause Young (Normal) (G1 Evacuation Pause) 5M->4M(12M) 2.020ms
[6.768s][info][gc] GC(6) Pause Young (Normal) (G1 Evacuation Pause) 6M->3M(12M) 1.203ms
[6.893s][info][gc] GC(7) Pause Young (Normal) (G1 Evacuation Pause) 5M->3M(12M) 0.650ms
[6.975s][info][gc] GC(8) Pause Young (Normal) (G1 Evacuation Pause) 5M->4M(12M) 1.399ms
[7.107s][info][gc] GC(9) Pause Young (Normal) (G1 Evacuation Pause) 6M->4M(12M) 2.240ms
[10.307s][info][gc] GC(10) Pause Young (Normal) (G1 Evacuation Pause) 6M->4M(12M) 1.250ms
[25.333s][info][gc] GC(11) Pause Young (Normal) (G1 Evacuation Pause) 6M->4M(12M) 1.343ms
[25.853s][info][gc] GC(12) Pause Young (Concurrent Start) (G1 Humongous Allocation) 4M->4M(12M) 0.896ms
[25.853s][info][gc] GC(13) Concurrent Undo Cycle
[25.853s][info][gc] GC(13) Concurrent Undo Cycle 0.082ms
[40.335s][info][gc] GC(14) Pause Young (Normal) (G1 Evacuation Pause) 7M->5M(12M) 0.676ms
[57.210s][info][gc] GC(15) Pause Young (Concurrent Start) (G1 Humongous Allocation) 7M->5M(12M) 1.175ms
[57.210s][info][gc] GC(16) Concurrent Mark Cycle
[57.217s][info][gc] GC(16) Pause Remark 8M->8M(12M) 3.046ms
[57.219s][info][gc] GC(16) Pause Cleanup 8M->8M(12M) 0.086ms
[57.219s][info][gc] GC(16) Concurrent Mark Cycle 9.420ms
[57.222s][info][gc] GC(17) Pause Young (Normal) (G1 Evacuation Pause) 8M->6M(12M) 1.376ms
[57.228s][info][gc] GC(18) Pause Young (Concurrent Start) (G1 Evacuation Pause) 7M->6M(12M) 1.069ms
[57.228s][info][gc] GC(19) Concurrent Mark Cycle
[57.233s][info][gc] GC(19) Pause Remark 7M->7M(12M) 1.701ms
[57.234s][info][gc] GC(19) Pause Cleanup 7M->7M(12M) 0.108ms
[57.234s][info][gc] GC(19) Concurrent Mark Cycle 6.206ms
[57.237s][info][gc] GC(20) Pause Young (Normal) (G1 Evacuation Pause) 7M->6M(12M) 1.048ms
[57.240s][info][gc] GC(21) Pause Young (Concurrent Start) (G1 Evacuation Pause) 7M->6M(12M) 1.018ms
[57.240s][info][gc] GC(22) Concurrent Mark Cycle
[57.242s][info][gc] GC(23) Pause Young (Normal) (G1 Evacuation Pause) 7M->6M(12M) 0.994ms
[57.245s][info][gc] GC(22) Pause Remark 7M->7M(12M) 1.472ms
[57.247s][info][gc] GC(24) Pause Young (Normal) (G1 Evacuation Pause) 7M->6M(12M) 0.703ms
[57.247s][info][gc] GC(22) Pause Cleanup 7M->7M(12M) 0.019ms
[57.248s][info][gc] GC(22) Concurrent Mark Cycle 7.645ms
[57.249s][info][gc] GC(25) Pause Young (Normal) (G1 Evacuation Pause) 7M->6M(12M) 0.839ms
[57.250s][info][gc] GC(26) Pause Young (Concurrent Start) (G1 Evacuation Pause) 7M->6M(12M) 0.584ms
[57.250s][info][gc] GC(27) Concurrent Mark Cycle
[57.252s][info][gc] GC(28) Pause Young (Normal) (G1 Evacuation Pause) 7M->6M(12M) 0.598ms
[57.254s][info][gc] GC(29) Pause Young (Normal) (G1 Evacuation Pause) 7M->6M(12M) 0.530ms
[57.256s][info][gc] GC(27) Pause Remark 7M->7M(12M) 1.332ms
[57.257s][info][gc] GC(30) Pause Young (Normal) (G1 Evacuation Pause) 7M->6M(12M) 0.648ms
[57.258s][info][gc] GC(27) Pause Cleanup 7M->7M(12M) 0.043ms
[57.258s][info][gc] GC(31) Pause Young (Normal) (G1 Evacuation Pause) 7M->7M(12M) 0.500ms
[57.259s][info][gc] GC(27) Concurrent Mark Cycle 8.152ms
[57.260s][info][gc] GC(32) Pause Young (Normal) (G1 Evacuation Pause) 8M->7M(12M) 0.234ms
[57.261s][info][gc] GC(33) Pause Young (Concurrent Start) (G1 Evacuation Pause) 8M->7M(12M) 0.348ms
[57.261s][info][gc] GC(34) Concurrent Mark Cycle
[57.262s][info][gc] GC(35) Pause Young (Normal) (G1 Evacuation Pause) 8M->7M(12M) 0.153ms
[57.266s][info][gc] GC(34) Pause Remark 8M->8M(12M) 2.017ms
[57.267s][info][gc] GC(36) Pause Young (Normal) (G1 Preventive Collection) 9M->7M(12M) 0.217ms
[57.268s][info][gc] GC(34) Pause Cleanup 8M->8M(12M) 0.015ms
[57.268s][info][gc] GC(37) Pause Young (Prepare Mixed) (G1 Evacuation Pause) 8M->7M(12M) 0.188ms
[57.268s][info][gc] GC(34) Concurrent Mark Cycle 6.710ms
[57.270s][info][gc] GC(38) Pause Young (Mixed) (G1 Preventive Collection) 8M->6M(12M) 1.089ms
[57.271s][info][gc] GC(39) Pause Young (Concurrent Start) (G1 Evacuation Pause) 7M->6M(12M) 0.270ms
[57.272s][info][gc] GC(40) Concurrent Mark Cycle
[57.273s][info][gc] GC(41) Pause Young (Normal) (G1 Evacuation Pause) 7M->7M(12M) 0.175ms
[57.276s][info][gc] GC(40) Pause Remark 8M->8M(12M) 1.953ms
[57.277s][info][gc] GC(42) Pause Young (Normal) (G1 Evacuation Pause) 9M->7M(12M) 0.236ms
[57.278s][info][gc] GC(40) Pause Cleanup 7M->7M(12M) 0.013ms
[57.278s][info][gc] GC(40) Concurrent Mark Cycle 6.342ms
[57.278s][info][gc] GC(43) Pause Young (Normal) (G1 Evacuation Pause) 8M->7M(12M) 0.181ms
[57.279s][info][gc] GC(44) Pause Young (Concurrent Start) (G1 Evacuation Pause) 8M->7M(12M) 0.280ms
[57.279s][info][gc] GC(45) Concurrent Mark Cycle
[57.284s][info][gc] GC(45) Pause Remark 9M->9M(12M) 1.336ms
[57.285s][info][gc] GC(45) Pause Cleanup 9M->9M(12M) 0.022ms
[57.285s][info][gc] GC(45) Concurrent Mark Cycle 5.700ms
[62.322s][info][gc] GC(46) Pause Young (Normal) (G1 Preventive Collection) 10M->5M(12M) 0.586ms
[78.369s][info][gc] GC(47) Pause Young (Concurrent Start) (G1 Evacuation Pause) 7M->5M(12M) 0.988ms
[78.369s][info][gc] GC(48) Concurrent Mark Cycle
[78.374s][info][gc] GC(48) Pause Remark 5M->5M(12M) 1.446ms
[78.375s][info][gc] GC(48) Pause Cleanup 5M->5M(12M) 0.035ms
[78.375s][info][gc] GC(48) Concurrent Mark Cycle 6.133ms
[95.383s][info][gc] GC(49) Pause Young (Prepare Mixed) (G1 Evacuation Pause) 8M->5M(12M) 0.647ms
[104.388s][info][gc] GC(50) Pause Young (Mixed) (G1 Evacuation Pause) 6M->5M(12M) 1.261ms
[121.402s][info][gc] GC(51) Pause Young (Concurrent Start) (G1 Evacuation Pause) 7M->5M(12M) 0.754ms
[121.402s][info][gc] GC(52) Concurrent Mark Cycle
[121.406s][info][gc] GC(52) Pause Remark 5M->5M(12M) 1.591ms
[121.407s][info][gc] GC(52) Pause Cleanup 5M->5M(12M) 0.046ms
[121.407s][info][gc] GC(52) Concurrent Mark Cycle 5.734ms
[139.411s][info][gc] GC(53) Pause Young (Prepare Mixed) (G1 Evacuation Pause) 8M->6M(12M) 0.497ms
[148.372s][info][gc] GC(54) Pause Young (Mixed) (G1 Evacuation Pause) 7M->5M(12M) 2.167ms
[162.379s][info][gc] GC(55) Pause Young (Concurrent Start) (G1 Evacuation Pause) 7M->5M(12M) 0.783ms
[162.379s][info][gc] GC(56) Concurrent Mark Cycle
[162.384s][info][gc] GC(56) Pause Remark 5M->5M(12M) 1.887ms
[162.385s][info][gc] GC(56) Pause Cleanup 5M->5M(12M) 0.013ms
[162.385s][info][gc] GC(56) Concurrent Mark Cycle 6.290ms
[179.440s][info][gc] GC(57) Pause Young (Normal) (G1 Evacuation Pause) 7M->5M(12M) 0.564ms
[197.449s][info][gc] GC(58) Pause Young (Concurrent Start) (G1 Evacuation Pause) 7M->5M(12M) 0.874ms
[197.449s][info][gc] GC(59) Concurrent Mark Cycle
[197.454s][info][gc] GC(59) Pause Remark 5M->5M(12M) 1.740ms
[197.456s][info][gc] GC(59) Pause Cleanup 5M->5M(12M) 0.046ms
[197.456s][info][gc] GC(59) Concurrent Mark Cycle 7.519ms
[215.463s][info][gc] GC(60) Pause Young (Normal) (G1 Evacuation Pause) 7M->5M(12M) 0.753ms
[233.477s][info][gc] GC(61) Pause Young (Concurrent Start) (G1 Evacuation Pause) 7M->4M(12M) 0.968ms
[233.478s][info][gc] GC(62) Concurrent Mark Cycle
[233.483s][info][gc] GC(62) Pause Remark 5M->5M(12M) 1.721ms
[233.484s][info][gc] GC(62) Pause Cleanup 5M->5M(12M) 0.096ms
[233.484s][info][gc] GC(62) Concurrent Mark Cycle 6.779ms
