[0.011s][info][gc] Using The Z Garbage Collector
[0.195s][info][gc] GC(0) Garbage Collection (Warmup) 4M(25%)->4M(25%)
[0.303s][info][gc] GC(1) Garbage Collection (Warmup) 4M(25%)->4M(25%)
[1.096s][info][gc] GC(2) Garbage Collection (Warmup) 6M(38%)->4M(25%)
[6.903s][info][gc] GC(3) Garbage Collection (Proactive) 10M(62%)->6M(38%)
[7.011s][info][gc] Allocation Stall (Attach Listener) 11.915ms
[7.011s][info][gc] GC(4) Garbage Collection (Allocation Rate) 16M(100%)->8M(50%)
[7.103s][info][gc] GC(5) Garbage Collection (Allocation Stall) 8M(50%)->8M(50%)
[7.200s][info][gc] GC(6) Garbage Collection (Allocation Rate) 10M(62%)->8M(50%)
[7.309s][info][gc] GC(7) Garbage Collection (Allocation Rate) 12M(75%)->8M(50%)
[7.402s][info][gc] GC(8) Garbage Collection (Allocation Rate) 8M(50%)->8M(50%)
[7.510s][info][gc] GC(9) Garbage Collection (Allocation Rate) 8M(50%)->6M(38%)
[7.624s][info][gc] GC(10) Garbage Collection (Allocation Rate) 8M(50%)->8M(50%)
[7.714s][info][gc] GC(11) Garbage Collection (Allocation Rate) 8M(50%)->8M(50%)
[7.801s][info][gc] GC(12) Garbage Collection (Allocation Rate) 8M(50%)->6M(38%)
[7.895s][info][gc] GC(13) Garbage Collection (Allocation Rate) 8M(50%)->6M(38%)
[8.004s][info][gc] GC(14) Garbage Collection (Allocation Rate) 8M(50%)->6M(38%)
[8.097s][info][gc] GC(15) Garbage Collection (Allocation Rate) 8M(50%)->6M(38%)
[8.208s][info][gc] GC(16) Garbage Collection (Allocation Rate) 8M(50%)->6M(38%)
[8.302s][info][gc] GC(17) Garbage Collection (Allocation Rate) 8M(50%)->8M(50%)
[8.411s][info][gc] GC(18) Garbage Collection (Allocation Rate) 8M(50%)->6M(38%)
[8.505s][info][gc] GC(19) Garbage Collection (Allocation Rate) 8M(50%)->6M(38%)
[8.597s][info][gc] GC(20) Garbage Collection (Allocation Rate) 8M(50%)->6M(38%)
[8.706s][info][gc] GC(21) Garbage Collection (Allocation Rate) 8M(50%)->6M(38%)
[9.514s][info][gc] GC(22) Garbage Collection (Proactive) 8M(50%)->8M(50%)
[19.418s][info][gc] GC(23) Garbage Collection (Proactive) 10M(62%)->8M(50%)
[28.409s][info][gc] GC(24) Garbage Collection (Proactive) 10M(62%)->6M(38%)
[29.917s][info][gc] GC(25) Garbage Collection (Proactive) 8M(50%)->6M(38%)
[31.404s][info][gc] GC(26) Garbage Collection (Proactive) 8M(50%)->6M(38%)
[32.703s][info][gc] GC(27) Garbage Collection (Proactive) 8M(50%)->6M(38%)
[33.827s][info][gc] GC(28) Garbage Collection (Proactive) 8M(50%)->6M(38%)
[37.103s][info][gc] GC(29) Garbage Collection (Proactive) 8M(50%)->6M(38%)
[39.597s][info][gc] GC(30) Garbage Collection (Proactive) 8M(50%)->6M(38%)
