[0.008s][info][gc] Using Parallel
[1.089s][info][gc] GC(0) Pause Young (Allocation Failure) 3M->1M(11M) 2.489ms
[11.200s][info][gc] GC(1) Pause Young (Allocation Failure) 4M->3M(11M) 1.706ms
[11.250s][info][gc] GC(2) Pause Young (Allocation Failure) 6M->4M(11M) 1.427ms
[11.295s][info][gc] GC(3) Pause Young (Allocation Failure) 7M->4M(11M) 1.801ms
[11.319s][info][gc] GC(4) Pause Young (Allocation Failure) 7M->5M(11M) 1.841ms
[11.453s][info][gc] GC(5) Pause Young (Allocation Failure) 8M->6M(10M) 2.370ms
[11.463s][info][gc] GC(6) Pause Full (Ergonomics) 6M->4M(11M) 9.167ms
[11.545s][info][gc] GC(7) Pause Young (Allocation Failure) 6M->4M(11M) 0.906ms
[12.142s][info][gc] GC(8) Pause Young (Allocation Failure) 6M->5M(11M) 0.912ms
[23.626s][info][gc] GC(9) Pause Young (Allocation Failure) 7M->5M(11M) 1.131ms
[34.811s][info][gc] GC(10) Pause Young (Allocation Failure) 6M->5M(11M) 1.165ms
[34.814s][info][gc] GC(11) Pause Young (Allocation Failure) 7M->6M(11M) 0.431ms
[34.817s][info][gc] GC(12) Pause Young (Allocation Failure) 8M->6M(11M) 0.322ms
[34.833s][info][gc] GC(13) Pause Full (Ergonomics) 6M->5M(11M) 15.802ms
[34.844s][info][gc] GC(14) Pause Young (Allocation Failure) 7M->5M(11M) 0.383ms
[34.853s][info][gc] GC(15) Pause Young (Allocation Failure) 7M->5M(11M) 0.266ms
[34.855s][info][gc] GC(16) Pause Young (Allocation Failure) 7M->6M(11M) 0.299ms
[34.857s][info][gc] GC(17) Pause Young (Allocation Failure) 8M->6M(11M) 0.244ms
[34.860s][info][gc] GC(18) Pause Young (Allocation Failure) 7M->6M(11M) 0.269ms
[34.862s][info][gc] GC(19) Pause Young (Allocation Failure) 8M->6M(11M) 0.251ms
[34.865s][info][gc] GC(20) Pause Young (Allocation Failure) 8M->6M(11M) 0.242ms
[34.867s][info][gc] GC(21) Pause Young (Allocation Failure) 8M->6M(11M) 0.291ms
[34.869s][info][gc] GC(22) Pause Young (Allocation Failure) 8M->6M(11M) 0.220ms
[34.872s][info][gc] GC(23) Pause Young (Allocation Failure) 8M->6M(11M) 0.287ms
[34.879s][info][gc] GC(24) Pause Full (Ergonomics) 6M->6M(11M) 7.036ms
[34.881s][info][gc] GC(25) Pause Young (Allocation Failure) 8M->6M(11M) 0.201ms
[34.883s][info][gc] GC(26) Pause Young (Allocation Failure) 8M->6M(11M) 0.262ms
[39.629s][info][gc] GC(27) Pause Young (Allocation Failure) 8M->6M(11M) 0.405ms
[55.641s][info][gc] GC(28) Pause Young (Allocation Failure) 8M->6M(11M) 0.361ms
[64.624s][info][gc] GC(29) Pause Young (Allocation Failure) 8M->6M(11M) 0.262ms
[72.655s][info][gc] GC(30) Pause Young (Allocation Failure) 8M->7M(11M) 0.384ms
[80.783s][info][gc] GC(31) Pause Young (Heap Dump Initiated GC) 8M->7M(11M) 0.642ms
[80.792s][info][gc] GC(32) Pause Full (Heap Dump Initiated GC) 7M->5M(11M) 9.207ms
[93.663s][info][gc] GC(33) Pause Young (Allocation Failure) 7M->5M(11M) 0.352ms
[110.676s][info][gc] GC(34) Pause Young (Allocation Failure) 7M->5M(11M) 0.355ms
[128.684s][info][gc] GC(35) Pause Young (Allocation Failure) 7M->5M(11M) 0.302ms
[146.690s][info][gc] GC(36) Pause Young (Allocation Failure) 7M->5M(11M) 0.255ms
[164.660s][info][gc] GC(37) Pause Young (Allocation Failure) 7M->5M(11M) 0.277ms
[182.674s][info][gc] GC(38) Pause Young (Allocation Failure) 7M->5M(11M) 0.376ms
[195.861s][info][gc] GC(39) Pause Young (Heap Dump Initiated GC) 7M->5M(11M) 0.282ms
[195.871s][info][gc] GC(40) Pause Full (Heap Dump Initiated GC) 5M->4M(11M) 10.214ms
[209.751s][info][gc] GC(41) Pause Young (Allocation Failure) 6M->4M(11M) 1.114ms
[227.689s][info][gc] GC(42) Pause Young (Allocation Failure) 6M->4M(11M) 0.513ms
[244.775s][info][gc] GC(43) Pause Young (Allocation Failure) 6M->4M(11M) 0.720ms
[262.793s][info][gc] GC(44) Pause Young (Allocation Failure) 6M->4M(11M) 0.248ms
[280.810s][info][gc] GC(45) Pause Young (Allocation Failure) 6M->4M(11M) 0.177ms
