[0.006s][info][gc] Using Serial
[8.158s][info][gc] GC(0) Pause Young (Allocation Failure) 3M->1M(11M) 3.036ms
[16.302s][info][gc] GC(1) Pause Young (Allocation Failure) 5M->3M(11M) 3.013ms
[16.350s][info][gc] GC(2) Pause Young (Allocation Failure) 7M->4M(11M) 1.416ms
[16.391s][info][gc] GC(3) Pause Young (Allocation Failure) 7M->4M(11M) 2.377ms
[16.415s][info][gc] GC(4) Pause Young (Allocation Failure) 8M->5M(11M) 1.195ms
[16.596s][info][gc] GC(5) Pause Young (Allocation Failure) 8M->6M(11M) 2.360ms
[18.686s][info][gc] GC(6) Pause Young (Allocation Failure) 9M->6M(11M) 2.493ms
[24.173s][info][gc] GC(7) Pause Young (Allocation Failure) 9M->9M(11M) 0.045ms
[24.182s][info][gc] GC(8) Pause Full (Allocation Failure) 9M->6M(11M) 9.178ms
[24.192s][info][gc] GC(9) Pause Young (Allocation Failure) 9M->9M(11M) 0.030ms
[24.202s][info][gc] GC(10) Pause Full (Allocation Failure) 9M->6M(11M) 10.143ms
[24.206s][info][gc] GC(11) Pause Young (Allocation Failure) 9M->9M(11M) 0.036ms
[24.215s][info][gc] GC(12) Pause Full (Allocation Failure) 9M->6M(11M) 8.621ms
[24.218s][info][gc] GC(13) Pause Young (Allocation Failure) 9M->9M(11M) 0.029ms
[24.228s][info][gc] GC(14) Pause Full (Allocation Failure) 9M->6M(11M) 9.064ms
[24.231s][info][gc] GC(15) Pause Young (Allocation Failure) 9M->6M(11M) 0.269ms
[24.235s][info][gc] GC(16) Pause Young (Allocation Failure) 9M->9M(11M) 0.027ms
[24.242s][info][gc] GC(17) Pause Full (Allocation Failure) 9M->6M(11M) 7.433ms
[24.246s][info][gc] GC(18) Pause Young (Allocation Failure) 9M->6M(11M) 0.231ms
[24.249s][info][gc] GC(19) Pause Young (Allocation Failure) 9M->6M(11M) 0.233ms
[24.706s][info][gc] GC(20) Pause Young (Allocation Failure) 9M->6M(11M) 1.016ms
[49.711s][info][gc] GC(21) Pause Young (Allocation Failure) 9M->6M(11M) 0.605ms
[68.707s][info][gc] GC(22) Pause Young (Allocation Failure) 9M->7M(11M) 0.868ms
[87.744s][info][gc] GC(23) Pause Young (Allocation Failure) 10M->10M(11M) 0.035ms
[87.753s][info][gc] GC(24) Pause Full (Allocation Failure) 10M->5M(11M) 9.313ms
[115.769s][info][gc] GC(25) Pause Young (Allocation Failure) 8M->5M(11M) 0.370ms
[144.780s][info][gc] GC(26) Pause Young (Allocation Failure) 8M->5M(11M) 0.355ms
[173.797s][info][gc] GC(27) Pause Young (Allocation Failure) 8M->5M(11M) 0.360ms
[202.827s][info][gc] GC(28) Pause Young (Allocation Failure) 8M->5M(11M) 0.342ms
[231.852s][info][gc] GC(29) Pause Young (Allocation Failure) 8M->5M(11M) 0.363ms
[260.877s][info][gc] GC(30) Pause Young (Allocation Failure) 8M->5M(11M) 1.405ms
[289.891s][info][gc] GC(31) Pause Young (Allocation Failure) 8M->5M(11M) 0.371ms
[315.918s][info][gc] GC(32) Pause Young (Allocation Failure) 8M->5M(11M) 1.577ms
[342.939s][info][gc] GC(33) Pause Young (Allocation Failure) 8M->5M(11M) 0.476ms
[371.837s][info][gc] GC(34) Pause Young (Allocation Failure) 8M->5M(11M) 0.485ms
[399.993s][info][gc] GC(35) Pause Young (Allocation Failure) 8M->5M(11M) 1.635ms
[429.024s][info][gc] GC(36) Pause Young (Allocation Failure) 8M->5M(11M) 1.743ms
[458.043s][info][gc] GC(37) Pause Young (Allocation Failure) 8M->5M(11M) 0.409ms
